{
    "name": "andrey-helldar/test",
    "description": "Some description",
    "type": "template",
    "require": {
        "php": "^8.2",
        "doctrine/dbal": "*"
    },
    "require-dev": {
        "laravel/pail": "*"
    },
    "license": "Boost Software License 1.0",
    "autoload": {
        "psr-4": {
            "AndreyHelldar\\Test\\": "src/"
        }
    },
    "authors": [
        {
            "name": "Andrey Helldar",
            "email": "helldar@dragon-code.pro"
        },
        {
            "name": "The Dragon Code",
            "homepage": "https://dragon-code.pro"
        }
    ],
    "minimum-stability": "stable"
}
