# Test Readme

> Some description for package

## Installation

```bash
composer require andrey-helldar/test
```

## License

2025 (c) :author:
2021-2025
_2025_

The `Package Wizard` is licensed under the [:license:](:licenseFilename:).

## Questions

Question 1 is :q1:
Question 2 is :q2:
Question 3 is :q3:
Question 4 is :q4:
